Angle (Degrees),Angle (Radians IEEE 754)
0,00000000
30,3F060A92
45,3F490FDB
60,3F860A92
90,3FC90FDB
-30,BF060A92
-45,BF490FDB
-60,BF860A92
-90,BFC90FDB
