BFFF0000000000000000000000000000
3FFE6A09EA48348179D8AD2C7DCA4BB7
3FFF0000000000000000000000000000
00000000000000000000000000000000
00000000000000000000000000000000
3FFEBB67AAC1DC9A2477E73ED4564CF6
3FFE14A280FB3E82783C101F5C8F9697
BFFDAA22657517B6AD5F1EF8816F2005
3FFEC1528065B70327CDDD6CA4E85B09
