00000000000000000000000000000000
3FFE6A09E2876A313D0A04BA46B1C3F4
00000000000000000000000000000000