3fd5e74dea3cd7de
3f8782e19b006113
bfec02138408b6b7
3fbba158343d6fab
3fb9cdf46525296c
3fe90f41e679c692
bfd835dda46b8310
3fee5547ae83ebbf
3fe904a4b62d933e
3fef8a39b6de8d1b