3FFF0000000000000000000000000000
3FFFBB67AE6502B917E42253E7DEA10B
3FFE279A740A12FE5F6BF648463FD558
4000DDB3D8E0008637BD05AF6C69B5A6
BFFFBB67AE6502B917E42253E7DEA10B