c140d76a
43129587
42587800
4350b5bf
4320578b
c32246e9
c3543d2b
4161ba86
43052c27
c322070a
c312da4d
438882af
c399e218
43909d1f
c32e9e18
c394ad3d
42554eba
42edc8eb
c282b24e
43657df8
4347a6c3
41e38553
42dbe2b5
41691529
438ebafa
43952547
43814b47
c3143db3
c33e5b8d
433d0f68
c3833661
c379d2ba
c2524b93
c2e359e7
c3525cc7
c3201ee8
c2447f82
427b7041
438fb081
438d853a
42f72d25
c313ea80
42f4d143
42b791be
c211a451
4341b156
c25e0937
438fa2b1
c33cf8b9
42a8f739
4320171b
c217f17a
c29c227e
42f8577c
4189e3b5
c25ce6aa
c3690987
434f52c6
41201ee0
c19a617c
c352b79c
c380ab21
439c9dee
43338125
4316ccb1
c2b6c9c7
c38f6485
c342a548
c28cb9f9
42d4547f
425f4c5a
c2559967
42b80323
427f899f
439c4ef7
c2dc48bd
c3856b2d
c39acdee
4327237a
c36af3b5
c2fd2216
4380bd35
438e79c8
c369aa18
c38e92d3
c391349d
436ac611
c314f64a
c3956871
42a76a1d
c0b472df
42e7ebbb
436a16c3
c347a1cb
c31a459e
c272649c
c23de8e4
43164264
4388d8a6
421ebc69
c203f6b3
c2bb0fba
4229f804
425123d4
438cd37c
4355bf1f
c331fe0d
435d43a2
c38089d8
c265cca7
c372df74
438c3a03
41a963ea
4373bba5
c37bc8eb
c38e521d
c3447a63
42d34149
430fbd1a
438cfb8b
c37497da
c39878c2
42aa7346
c2b7e279
439401ee
43297175
c30aae1e
c38553d8
c229974b
c354dafc
c386573a
431c13d6
43929bc2
c30b8ba4
438e270b
c2088e8b
438b375c
c37a8bc9
c1677671
c30c1cc3
4362b9c5
4315b3f0
431a7a65
c337757e
c377bbff
4187144f
c27958d3
42218656
4179e774
4356bb4c
43011a45
c26ec17b
c341fc98
c387cbec
c25f68c9
c36db0a1
4304141c
4225cd22
4169a90f
c097549c
c15c4b7d
c39c6b5e
c3688c20
43687c9d
432be43a
41891a2e
436d3a05
433a6435
4189690a
c31e3081
c2f495f4
437af03e
4294eb49
4220ca94
431ea5b3
c282193a
c37d3d9a
c16d69f6
c38079c0
c3578096
43167432
c38980ad
431f4184
c186ef41
4383e53d
43297d89
41b25c27
c36e944d
c393a1f2
427da985
c37c3ab1
438bcfe4
42ed4696
c35fde5f
c361044b
c253c4b6
43244126
c21a5736
c391c8d5
c27244f0
c38bd052
c22a8022
43482368
c2dbe08e
4159b174
43703ecf
c381297f
c335486a
c1d5630a
c31938cb
c3847c53
c2d03475
408080c5
435c12fc
432356ca
c394fb60
c37d6ff3
c30767ad
4344e7c0
431a6273
c07f42b5
c2ce7330
c2cb0d64
c3871ec6
c32f4cb1
4308149b
438fdaaf
c3646fce
c38b2ce8
43859690
43082b2d
438b48ad
433781ac
41786d16
c1829153
43348608
43490d3b
c315946f
c1e06336
4391009a
43668188
43842d1c
c36ba9b8
c359865b
3f1eb1f2
c364fb22
bfc71713
c2112dd3
bfe65d0f
c35e1853
433240f1
42dffd91
c2d3ca36
4243e302
c1c6998e
c2d0d00d
c0e591ed
c30fa1e5
c35eac3a
c37eb4a4
439c1728
41b9209d
c1b7b87c
43276eca
4309541b
434fc0af
43580b12
4243e623
4324a4eb
c369a38c
4302bd4e
436d59f6
c34b6ab5
435b402c
43107d8c
4226e32d
c391258e
c33a486b
c286167c
c269395a
c2ae9c07
c3421842
c3833ff2
c37a2655
434c4ef3
4354f788
43928be0
42cb0a41
c3184ef8
4391f5dc
42be8bc7
c32c8260
40fc75b6
437ecb89
437a524d
c3033e7a
437d4d32
c2de60fb
434ff9fe
c33aacc2
43374260
c2be1664
4280d2a6
41545e38
c1d3ae42
c2c8d16a
433fdeb5
42edebe3
43376bd0
438e6edc
c33c512a
c34ae755
c318aad8
40c22e21
c23080fa
42a55ea8
c352b495
c37b27ec
c2cacb72
c32f43fc
439c31fa
c3687d7c
43878e8d
c23830a8
c2673c03
c34959b0
c28ea57d
c1be2a6d
c1b47bcb
c394af00
4367c1f3
c22f2a16
42318fbc
4386a134
430322ee
c3837bd0
437a0455
c2989c24
41bcd59c
c39271f6
c39a0a4b
c3500e23
3f88bd30
c35b21ea
c36e9140
c0414d11
c196051f
4352dfb6
c2be56eb
433bb2f7
c38b6c87
c39acc82
c37f8e07
c0ce884f
42c67b67
c352f1cc
4382f4c3
437f2257
c298fc3e
43636945
c39866ec
43840991
c23b80c4
c2b9297a
411ae0b7
c35e8d4c
428e9d91
43890d5a
4344d8e5
42959d76
c31c3476
4335bd54
420b23f0
433dbed4
43040ad8
c36c0ee3
c26469ad
433426a2
411f1e55
c3026e7c
430ea271
c322851e
c1ca10b8
436d6fe7
4367d074
402fb56c
439568f2
432e1859
42b47709
43536e87
c3228bc6
c34f4c00
4377b67c
42c242bc
439a5794
c29a994e
43332fde
43684914
c3652eae
4343784b
4377704c
408e0c4f
c310c805
c3688c84
42a89f5b
c23cdb7a
431cfcc4
c36ea1dd
438f63c0
c2776050
4320ff37
c360cfe8
c32de404
4292e0d8
c21a3760
438178bc
c261d9ef
42965d8b
438b98b0
4260b93e
c0a92f38
437494c9
4355fa4f
c354f617
c334436b
42873e06
c3495022
c34503fd
c3106a97
c1d04fa1
4394be51
423b392d
c332fe9b
c080a0de
c290fca9
41b5a866
c28a0d82
c2ec2101
431e7d36
c1a54f3a
4211d706
c2838a78
c3962dea
4339ca77
c301194d
425bf9c8
c3191d50
c2d4f50b
43496e0b
412918c2
c3610731
419c5075
424f666e
c2d2aebc
c28a92c7
c39b6c9d
42a4c3b8
c35fb224
c33a40d7
43457ac8
42b1ed56
437b4660
c389c689
4386b11f
42ab867c
c344193b
438434bc
4306ec4e
c304d2e4
c283eefe
c3991dc8
c31031f7
c3088a5e
c2d39b63
c271d77c
432e248f
4347d39b
438e6b4b
c296c814
40b35596
c2877bd0
c3776696
c36982d4
c3857c4b
4277ca89
437c87af
c3042250
c3881e39
434aad45
c25ba099
c38e5529
c2abe97a
c36e39fb
4395afed
4382d97c
c316e7f7
c3498723
430b55e7
43524688
4378dbd9
c395aa70
4390e484
c370744c
c38fbfaf
42ba6038
43114e1f
c38fc43d
c370fc62
42448953
c2b52966
4388a330
42487406
420e36d5
436caadf
4282482f
c23c7e05
c223a418
42f71c02
43237677
422d8d19
c1b4d0e3
c252ca57
c29e8c85
c3074290
3f54f3f8
430c3239
42abc423
42f3706e
c0f1a412
433ca796
4381eb8d
c3345469
4067374e
c21446d2
4285988f
c3986801
c30043ca
430f6cb2
439bc11a
c2c63059
4148bef0
c374ad51
43815633
c38db12e
4380fc42
c223fb92
42f27a97
4374eac6
439aef04
4381db5e
c31b39f2
438d76d1
43455b08
42cf009e
435b9998
4390fea3
42f748e9
43755f7a
c385d757
c33527ac
4380ac29
c368bb94
c18312b0
42907ad3
405a9b6a
432282af
c243714d
c35c909a
4373a312
c341d554
c30fcda7
43576ec8
c2c352c0
438b13cd
42f0a709
42b736b3
4393919c
4283ab19
435d58e4
43555037
c37f3b63
c31bbc19
c1021130
c38d7bb3
c30c596a
4352eb62
4345b8a4
433abe6d
43901c3f
c38843e4
437f16e2
c391431f
439cc26a
c285742f
c39204a1
c2ee4294
c38a6a36
4000914a
c2825ae0
c31d7716
40c6a000
4393ea11
43889b05
c373d961
42b028a3
42a0e8d0
436bc33e
c3224383
435520e4
42c1b457
4318704d
4136c1b0
c2b49012
c18d00ae
c3877c94
43141e6a
c28ea373
c30e0859
4337dad8
42810446
c34ae473
c28ca305
c04446c6
c1db7d24
409c83e5
c355e518
4235e44c
c2658059
c38c187b
42df1415
436b24d1
c28e9d32
c2a8795c
42886d63
43457b29
434bbebd
c344bc75
c32e715b
c285603e
42eee768
c2906dbd
41f1d61d
c2827780
c2a61c50
c31c200e
438efe42
41e9b0b8
c39016a4
42707784
40e4147d
424c86e1
42158fcd
c3857374
42f195a6
c2112a30
4384837b
c38d6207
436d7796
429b64bb
c3844018
c389dee8
c305f71b
41046c11
42b64d7b
c3851617
c2724486
43051477
c26edf3d
c2191344
be288e9e
41c11d07
c1024d12
4198c015
c21eb912
c2cb64c1
41b8e309
42a18464
434f8262
c3847028
433d77fa
430d6c4c
4323c01b
c332ecf7
c21ddd33
c38eaf36
42a14f1a
438bf54e
c29d8eb2
41acceb4
c31a6a8a
c37c15cb
c35580fd
42d2b472
42fdbe85
432bb4a9
43976fc7
c3797dec
c30f18cb
430c14f3
c2edfeb8
43790598
c38cfcfc
430124a8
42f9963b
bf8909bf
c36699c9
c395d7bc
43316fde
c39c0956
c2ddfd11
43053d3b
c386228a
4393911d
437f41f0
43527096
c170f4b3
c20fa074
c39a6954
428b3147
42dd355d
4359b47d
4358e99e
42b25548
c304b277
432d5d3a
4363f713
c31ab1d3
c385b1ec
c39b803c
c23a1f51
c2b13b95
c212caf7
c37af93c
4396a520
42b212d7
435ed85a
4229d9a0
c2afe1e6
439c860d
c09eb9f3
42908d4d
4205cd6c
436b1931
431cdc82
3f744063
43112b54
414ce20c
43345173
c2aa1d58
c2b1d702
c39c4bb6
430f561c
438bca99
430dad54
c389ad4a
c203b2f4
c1f09498
c3208881
c2776437
c3039b26
433010bd
42460abc
43078854
c387cce7
c32bfe0f
c395c67b
4381e443
c2712e5a
c2c203fe
c2780622
4331a042
c015379b
c3989e7d
439b5320
41551946
c27712db
4113387a
c3819b6d
432ae21a
42ddfbb0
438cbac2
c2240ca4
c35be5dd
c31bb458
4130d81a
418a65d6
430c5d7c
c22a3cd1
c33bce95
c1017362
c39baa2c
c2e03b0e
4231aa49
c20db779
4321c298
42d83f00
c353e991
c32a29cc
c389695d
c378cb00
c382b4f2
c35f7253
c3965dbd
418a91ca
c389d8ab
c39b80fa
4350f900
c383337f
4292b3dd
c3827556
4392280b
c31f4316
434c2e1c
43442e18
4360dec4
c33761a5
43781658
c335e14e
433213b9
429b7bc8
4370ff34
439b7870
c3837158
4291968c
431be647
41719639
42d7089e
42f2d5fb
43457f5b
4110d4a3
3fc136b0
4300e2ca
c3424973
c30d2c06
434eddc7
42f006e2
c2ec6e8d
42b86582
4364955b
4354dff4
c2fd55e9
c3917d0f
c35b3add
42b55660
c282b930
c36435e2
c34962f3
c3602337
4150e159
c2f2d877
43466d24
43559ab7
c39b7ca2
43884ebd
c39ac1ba
433164f6
c37241c4
42cc8f4b
42e6a6a5
42ee2de6
c305e71b
c2cdafa6
c308f48e
4378696c
c2fbedeb
4383c33e
c375cb9f
c2f3a312
421fa7ef
c2c547e6
c38cc5e1
c32a4ee4
c370de27
42c55309
42eb6990
c09a97c6
c0fbca76
c24db419
42f7d380
4322e91e
c307fd90
c32995d1
c336fdd8
c3108548
438ddb12
430642ad
c2ba90b0
c202a04f
c300a900
c38d208f
42721790
c36b774e
4387ece7
c33eece9
42cc513a
c32d0f36
43899b35
c23d6bb6
c1ff2d22
c33c24eb
4298c33a
c1ac296f
c38d65cf
436e10fb
42ae586e
435f9591
c25efda9
c1e6c69d
42ce143a
43011470
c2305b5f
c33dffa6
427fc989
c2ed16d7
c3806707
4372af97
43724cb9
c2a131e6
436d2da7
c2f6932a
437a23b4
40ab72ea
42616f7c
c37bd5e6
c124252c
c2d82e20
4337041d
c19df336
c135018d
c205a48b
4362876d
c370767f
436caae2
4351f272
4251d0f3
3f7480bb
c356aca4
c38c40a4
c323ae00
c2212a7f
c2263dbd
4101b070
4299de14
438381e8
c26feb03
c2386809
433c5dd7
c299d899
42d175ac
42cda89e
4285cc51
c2a0310a
42131e6f
433de2ed
431b2cf5
c336935e
4380bc10
438b5ff7
42b9c1ca
4381b7e7
c0de10c6
c34af7f3
432dc4b8
c276f30e
43824232
439067f7
c38b771d
41df87f7
c38e979d
c342f7b3
41a1da1f
c34f0cf9
432fdce0
c38a6358
43001ca1
c383ff99
42f18d49
c31fab4d
42c13239
43317b99
439c4bc8
c39cfb1a
425334ad
c2bdd8f8
c311f2b8
c31772fa
430da98b
435d5be4
431c5d45
c1f5062c
c38dbce2
4269714d
43812160
430bae95
42cee2c3
c2206f43
c292f88c
c3771639
434d5234
c33e71f6
