3f5ef2dd
bef57b09
bf421f34
3e516bc2
bf7e22e3
3eeeaf84
3e38c521
3cee9749
3ead42f7
3e6ee766
bf31f7ba
bf74bf53
3f7e75e6
3f7ad8cc
3e8335d5
bee9357e
bf7f2d62
3f621af9
bf4f93d3
bf7ce631
3e236ca2
bf7c7da7
bf7ffa80
bed5ab8c
bf69500d
bf7cba2b
3f0f209f
bf554438
be930725
3f58443d
3dd039bf
3d88299a
bf2c262d
3f566101
bf7e0666
bf7eb554
3ed55c38
3f7fe6bb
bd9d1d10
3f74c147
bef7976d
bf7751bb
bf7e5b13
bf474e2b
3e8e8d33
3eee983a
3f01aa5d
be3c0f7c
3f638a47
bf715534
bf7dcebb
3f758ce0
bf63f4f7
3d9f7f1c
bd2e5523
3e7abf69
3f58fbfc
3f7ff074
bf55bf16
3f66bb5a
bf793a7a
3f767969
3f19fad1
bf684cc6
3f7fffae
bf757683
bf1f0e75
3f7dbc39
3ea25312
3f4bef14
3f3fc481
bf7ffe45
bf1f24f0
3efda05a
3ce8faf3
bf7b91b1
bf7afeb8
be251cb4
bf4e3970
bf490f66
3f1e8e6f
3f7dc245
bf1852b9
3ebfeb01
bf3d6a69
3e3da60d
bf29c56a
be8565de
bf6f2b01
bee106c2
3f4cb2c4
bf762284
bd24dc8d
3e0fc649
bf71dc7e
bf1d8650
bf702abd
3f5bf3f9
bf6e4d9a
bece0146
bb897099
3f40f504
3da51925
bede1b76
3eec4905
3f7e3636
bef20b5d
3e5d8f37
3f5c662e
3f1ee4d0
bf10ab11
bf28ac37
bf2f2447
3e8367cb
3f65ae76
bea4a34e
be034144
3ebfe2c4
3f36f75e
3f36532f
3f66658b
bf7a6ec6
bf6b93db
bf2b9ac5
3f42e96b
3f7ac0c8
3f6681c0
bf6db48b
bc6155bb
3f3744d3
3d9a0a15
3f09daaf
beff50b5
3e815948
3c1549c9
bf69ed16
bec81c55
3f35bef1
bea58be2
be9ce904
3f5cc00f
3eeb2c07
bf5b90a7
3ea31b18
bf665a06
bec4799c
3f61422f
bf6571be
bf7efcdf
3ee6b8ac
bf74c4ad
bf7ffff2
3f33cfaa
3e1db4a9
3f4466f2
3ef5560e
3f7dc8cd
bf51e2b2
bee653e1
3c88b666
3eb88b4d
3e7dad16
3f7f61c1
3f7ffd65
bf1fea73
be0fe1dd
3d1508df
bf0226b2
bdd17e57
3ee3bdf6
bf794d98
3f6ce091
3f17420d
bf4ce570
3b4f83d8
bf1a3cfe
beabea09
bf2527b1
3f4a5400
be98ddee
3f71203b
3dece0ac
bf11b4e0
beccff32
3f7ea59f
3f7ce7ec
bf7445f3
3f7bc8a6
3f7fbf16
3f559d65
3f1ec2bd
bf7fef8f
3f3c96aa
bf2f7a6b
3ec406c4
bf64d23d
3f20cc24
3f21e9b9
bf5369de
bf23b097
bf7fea43
3e59188a
3f1a59ce
bf7ff65a
3f01b691
3db0ea2a
3f418a4c
3f192592
3cf72f96
bf411a85
3ef272c0
bf68b4c7
bf24444e
3f7c9ecc
3f7fed71
bf622f7e
bf036b6c
bf7348e1
bf070e8d
bf66e657
bf298f58
bf66c875
3f0b5a2c
3f7f7c20
3f4ee9d6
bf0c08f5
3e80074d
bf1f3a20
bea0fff8
bf7d7698
bef13e26
bf02ec0b
3e8bd6f8
bf7bcd82
bf5163bd
bdf123e4
3f7ffc8f
3eb1910f
bf797f0e
3f0efc44
bec7e406
3f658b62
bf7fc1f6
bf3a7304
3f505e0b
bf70034f
3c7c6143
3e29a4b5
be685ee3
bf133a2f
bf2f30a2
3ee749a4
3f1b405e
3e8c0493
3f73f8b1
bf3e1db0
3f20f46c
3f22f0ce
bf6db539
bf78dddb
becaf128
bed14014
bf0fe2a3
bf1961cc
3f1ed2bd
3f6b081e
bf3f55e6
3e8d85a3
3e921d67
3ecbfe34
3eb5fb32
3e2451ab
bf34c8ab
3f4a1c31
3f7feee6
bf22e262
3e99398a
bf194491
bef59ce7
be3dea16
3f4a42d2
3f466a49
3e33e2cd
3ec421df
bf7e97f0
3f4a055f
bf1a23cd
3f0caa4d
3d709775
bf78358b
3f04d72c
bf762618
bd10ea9c
bf728324
3f0909e5
3f43547e
bec8f43f
bea95b49
3f4ea422
be7d4518
3f0010b1
3f33194d
bc0fbd8b
3f42b399
3e76d69b
3f7e1943
bf791828
3f69c56b
3eb555ed
bf063bec
3f7bee91
be89048b
be975cc9
3f7a1a5d
3f7d5cec
3f0991e0
bf79e716
3f7c3ef1
3f25c7f2
3f49aaf3
be497502
3f7ffb07
3f17aa45
bef2f4b8
3e9c9bd8
3f756d27
bf18582f
3e543b53
bf579faa
beef75c8
3f406bdf
3f7b55c3
3f6afac7
3f1b95ad
3f306dbb
3f19c366
3e83c6d3
3f1dc6fb
3d2d70c9
bf401705
3f7aac9d
3f421f75
3ef69940
3f362c16
3f7b36ea
bf7e1ebd
3f7ecb93
bf6d0d48
3f1aaf9b
3f3300ad
bf3aa270
be19e042
beeeb3ab
3f7c44ad
3e8de9c0
bf65a33d
becc74f3
bf496dea
3eeac6ac
3eb19c32
bf7f6161
3f7bd1f3
bf7828a8
bdc44100
bf77b764
bf608579
bf1524a5
bf34f4ba
bef46eee
3f549f9f
3f242719
3f63ea29
bf79663b
3ea182f4
3f7ed595
bf67c1fb
3f59a342
bef14322
bf5e2540
3d6325d5
be9b2e0c
3f2a549d
3f7dfd36
3e7a3cf4
3f49ac7e
bf6c2c99
bf6ece85
be853fe2
bf2459e8
bf15f124
3f2f3dd1
3f7fb3c3
bf63e4d0
bf77759e
3f30dbef
bea61af6
bf7e460d
3f7b46ce
bf7cf933
3f454060
bf3bcea3
be8a3c9d
3f76db69
3f7f5abc
bf5f33c5
bf7ef425
3f7ee93d
3f7de175
bf204271
3f0cef81
bf36c3d6
3e3fa3fd
bee6d482
bec1d765
3f27ffa7
3e7192d5
3f7f0eb0
3f7a13cf
bf6ae5c7
3f6ee1c4
3f0b2422
3f650b20
3f7086b0
3f4921e9
bebd114b
3d9d54b4
3f77f8f3
bf1e2d1e
3f7ecc97
3f1de5db
bf11e2a7
bf732917
bf7f41af
bf237f09
bf78da6d
bf411f7a
3f7efe9e
3e8104db
3e247add
be76b88d
3ea6b7c7
bf7abe4f
3ea91b14
bf67f3bb
bf750ce2
3c838583
bf2dfc3d
3f71b900
3f6ede09
bed40dfe
3ec95e73
3f457ba7
bc6146bc
3dc83a76
3f7c3d0e
bf7c58e4
3f43a89e
bf4ce902
bf1f4509
bf67899c
3f0a8b00
3f7fa5ab
3f1d4d1e
3f33998c
bf170e2c
3e7e5172
3f5e63c7
bf7c8166
3f23b8b8
bf7ffe8b
bd949724
3f73286b
bdf2b279
3f08035c
bf37c113
be5b0da1
3ea88c2d
bf001bf1
3f7ffe2f
3f4738b1
3e4901e2
bf351313
3f0317b7
bf7f786a
3f224eac
3eb848f4
3f7b87be
bef036f8
bd349b8b
bd915cf2
beb02162
bed90e69
3f5c496a
bf1a7442
bf158dea
3f7e7650
3f64b59b
3ee5bcd1
bf7a4fdc
bf482fd6
bf23102b
3f39c710
bdfa2505
3d2b2a00
3efa5e52
3f33d6be
3d9e52e7
bf1bbf8d
3ed9cfe5
bf5d7b02
bf7fc18d
3f7d0a9d
bf0b2c08
beffa30e
bf2c4d74
bf7ffffa
bf7f6197
bf033994
3f7eb904
3f5413aa
bf51b4a3
bf423a50
bf3df89f
bf7c3e4b
3f2c6b3a
bec52afb
befa4489
bf31e48e
3e98a0d0
3f7cc493
bf1cb97b
be9d178e
bf641b6a
3f4edcc4
bf2dccff
bf7f3885
bf5b8204
3eed6546
bf61c3c2
3e0911ec
3f7ff336
3f6eeee4
3ef9092a
3f4d33c9
3f6f9317
bf7ceea2
be917ba7
3f7def01
bed0f9d1
bf01f2f0
be8eb7b7
3f7ba2be
bf583fdb
bf7c403c
3f73addf
3f123a61
bedeefa7
3f724ac9
bf4c4434
3efb75de
3f77060e
3f77baeb
bf47accf
bf7ff6d1
bf7670ba
3f288190
3e2929c4
3f4b466d
3e26be12
3f15dc52
3f4226e2
be6d1441
bf769238
bdfcc7ec
3f15cd02
bf6094e5
3f7c3773
bf7d8573
3e09dfd4
3f73682e
bf39085a
3e656118
be8b2343
3f79a855
bf05756d
bf686673
bf7af188
be383ec5
3f31477f
bf34848a
bf504bd3
3d953e0d
3f4d4646
bf3ab46c
bf7dc648
3f7802c4
3f6eb605
bed92fed
bf331924
3f6d3532
3f7f420e
3f5e4c11
bf7e85e5
3ebbde21
3f7e50d1
3eacb8fe
bf7d610d
3ee8a6d2
3f60aedc
bf5bf2bb
bd922ab2
3ed3e825
bf2dbf8e
3eadea00
3f330914
bf64f04f
bf17861f
bf4a1732
bd92b10f
bdd810a0
be83742f
3eb7ec52
bf7f48e1
bf2b3526
3e360728
3f76f4cf
3da3f74d
3f2d655f
bf54ca7b
3c4fcd17
bf6395a5
bf14fe07
bf554af8
3f1eda4f
bf67b2ed
bf6590b1
bec10df2
3daca6b6
bf416219
3f7f58d0
bf7fc562
3ec0027e
bf3d0a30
3e485532
3f13fd3e
bf7eaefd
bf179d58
3f29062b
bf69127b
3f2a0bd4
3f25cfa2
3f73e671
bf7db9c2
3e222a92
3e260e4d
3ed8dece
3f7fef6a
3e8bf634
bf2a4878
3f5246ba
3f40ae8b
bedd9499
bed1e545
bf7fbd3d
bf267afa
bf23c4f6
3ed9096a
bf7fe6c7
3f57915a
3f7c8a25
3f0bb33c
be925386
3f786713
becc79a0
3ec9b9f8
bedf342a
3f1a8321
3f7c8e95
3f0e143d
3f100fc0
bf7fa990
3f6d029d
bf7d4ef5
be478751
bf5ea817
3f047868
bf736d8c
bf78baee
bf6cc160
bf634aa5
3f39f5d4
3f7e053b
3ddef323
3eb582d4
bef0771a
3e929e68
be85f747
3e1d75b1
be8df760
3f6d7332
bf2ba031
3f385645
bf71865b
3f2504f6
3ef58cb4
be9a671e
bea9238b
3d80f240
befc6a35
bf01ead7
3e8cc249
bea8f9b4
3f7c0b76
bf34720a
bf7fb7e1
bf4c1293
be6116b8
3f1593ca
3f62ed8c
bf4c0848
bf17fd24
bf7d661c
3eb8961f
3f3b4561
bf569d46
be4b1a3b
bf3a28b9
bf7011d1
bf7ff7c7
bf543fa3
3f4b8598
3f0a1f63
3f7023f9
3f74595f
3ef4d57b
bf7a7c09
3d50e6e7
3f7fee14
3ee2c081
3e7b2b09
bf7ff3bc
bee514f1
bf5e0756
3f79ed01
3f140de7
3f4addb4
3f78bbff
bea2b7b6
bf790135
3f13cbd3
3b4617dc
3ec4805a
bf7ff43b
bf742790
3ee558d3
3d7da458
3e66e195
bf73a42a
3f0dbfbd
3f7145ed
3f7da11f
3f3a7005
bf672c55
3e15f373
bf333d76
bee88c67
bf10f327
bf528f52
bf6d969a
3f2d8c4d
be00b494
bf307f78
bf603488
bf6ed62e
3f3ae91b
3ef8c3c8
bf79a21e
bd069c7b
3ea7a5e7
bf0282ce
3e90b0df
bf7c3d04
3f7ff9f5
3e470d1c
3d6a1a05
3cabbb8a
bf08ea45
3e16e35d
3f45aacf
be701ca4
bf73a825
3f0e2c69
3f68444f
bf24c07a
bd02993d
3e8490a0
be1418ee
3f5e8239
bd877df3
bf523f44
bf4a02d1
bf6c6f40
3f26ea1a
3d2dba09
3f383ddc
bf7ffcb2
bd684d4b
3da24a69
beeaac29
bf7c8b52
bf7d52eb
bf12feb4
bf7fee0c
3e2cb9a0
3e79ac21
3ec83495
bf7ec214
3f71ff4e
bf0ba9cb
bf32b6ac
bf1dfa20
bf7f3f0d
3f088729
bf5bea04
3ec2fb07
bf5201ec
3f435b5c
bee6549e
bf6973aa
bf6e68dd
3d7afd0d
bf7f2b44
3f61a7eb
bf7ae982
3f633674
3f4e69d7
3eca4cc0
beebda23
bf3ad0ba
3f3ab40e
3f096f91
bebdc4bf
3f46cf07
bf67e3cd
bf51929e
bedc6670
3f72a1cd
beef4b7e
3f620a47
bee88bef
bf5febe9
3f7fed36
bf7fc0a2
bf433c19
bd885241
3dd7e13d
bf701a61
be356b71
bf1c6bab
3f753f0a
bec0518b
bf2cdd1d
3e955aaa
bf797dae
3f747df9
3f6ed196
3f3b1bc2
bf4333ac
bf19b871
bea0eec3
3ebac338
3f49e5e4
bf02ba2f
be9652ba
bdd3afe1
3df266b2
bc6d474b
3ecc46dd
be37261b
3f6644bb
bf1ebb5d
3f7f86f9
3f362323
3f7ffe39
3f111b87
bf2d23c1
3f11bb3d
3ea5fe3c
bf7d4ee9
3f620028
bf2c3f81
bf7cfe47
bdd2a47f
bf41da63
bd68df71
bf7699bd
3ea29c84
bf792ec6
3f62f071
3f705c5f
3f0df152
bf642291
3f7fa747
3f44ab44
3f33d79a
bf5cba47
3f322e8f
bf572914
bf4e64c9
bf7669c3
3f7e89ab
3d8a9a46
3ee163d1
3f2ba5fd
3f314ed3
bf3567c4
bf6c1555
3eef88b9
bc4339a2
bf389e28
3ebf43ec
3f19fc7d
3f7b6726
3f5fa7f6
bf2bf46f
3e94ca21
3f31ad6a
3f204aec
3e9fbf54
bed29fed
3f71d32b
be05cc70
beff9ddb
bf5b9e64
bf1447da
3f13d964
3f003f94
bf1e7a53
3f734153
bf5a5a48
bf408831
be7eec3b
3d107376
3f23545d
bf755da3
bf057b2c
3f7ddf7c
3d3c4225
befb8552
bf2a4121
bf19f1e9
bc7304de
3f1b36c0
3e3740a0
bea77864
3f6f4ae6
3f7d724e
bf289112
3e4cf41d
be8151d4
3f4acec2
bea8ba9a
bf0e6b7b
3eeabfe7
bf78f619
3f7a24ea
bf4878bd
bf71f106
bf43b994
3f7b730f
3e403b97
3f74fba2
3f7f6f99
3f7353ad
bf44df71
3f7ea42d
3e32a8cf
bf59f79f
bf33f387
3c8cbe9e
3b6a17cf
3f7b058d
bf5277dc
3f47b3f2
3e0ac5c1
3f4b61ad
bf754412
3dfbf2e5
3f4140f6
3f349044
3f3e5ebf
be74950b
3f4bc66a
3df2f554
bf794739
bf3e6a08
beabb3ed
bee8b116
bee02eb3
bebd57b8
