3fd65af9b3da1bee
3f87830373de7ddc
4010d48892b2b16e
40084482211f1b17
40085331c9b0fbc5
3fecc9f98579f6bd
401794b9a76098a0
3ff3f21d19f8f02c
3fecb8edec105fec
3ffbd95ebdb8d8b5