bfc90fdb
bfc90fdb
3fc90fdb
bfc90fdb
3fc90fdb
bfc90fdb
3fc90fdb
bfc90fdb
bfc90fdb
3fc90fdb
3fc90fdb
bfc90fdb
3fc90fdb
bfc90fdb
3fc90fdb
bfc90fdb
3fc90fdb
3fc90fdb
bfc90fdb
bfc90fdb
bfc90fdb
3fc90fdb
bfc90fdb
3fc90fdb
bfc90fdb
bfc90fdb
bfc90fdb
bfc90fdb
bfc90fdb
bfc90fdb
bfc90fdb
bfc90fdb
3fc90fdb
bfc90fdb
bfc90fdb
bfc90fdb
bfc90fdb
3fc90fdb
bfc90fdb
3fc90fdb
bfc90fdb
3fc90fdb
bfc90fdb
bfc90fdb
3fc90fdb
bfc90fdb
3fc90fdb
bfc90fdb
bfc90fdb
3fc90fdb
bfc90fdb
3fc90fdb
bfc90fdb
bfc90fdb
bfc90fdb
bfc90fdb
3fc90fdb
3fc90fdb
bfc90fdb
3fc90fdb
3fc90fdb
bfc90fdb
3fc90fdb
bfc90fdb
3fc90fdb
3fc90fdb
bfc90fdb
3fc90fdb
bfc90fdb
bfc90fdb
bfc90fdb
bfc90fdb
bfc90fdb
3fc90fdb
3fc90fdb
bfc90fdb
3fc90fdb
bfc90fdb
bfc90fdb
bfc90fdb
3fc90fdb
bfc90fdb
3fc90fdb
bfc90fdb
3fc90fdb
bfc90fdb
bfc90fdb
bfc90fdb
bfc90fdb
bfc90fdb
3fc90fdb
3fc90fdb
bfc90fdb
bfc90fdb
3fc90fdb
bfc90fdb
bfc90fdb
bfc90fdb
3fc90fdb
bfc90fdb
bfc90fdb
bfc90fdb
bfc90fdb
bfc90fdb
3fc90fdb
bfc90fdb
3fc90fdb
bfc90fdb
3fc90fdb
3fc90fdb
3fc90fdb
bfc90fdb
3fc90fdb
3fc90fdb
3fc90fdb
bfc90fdb
3fc90fdb
3fc90fdb
bfc90fdb
bfc90fdb
bfc90fdb
3fc90fdb
bfc90fdb
3fc90fdb
3fc90fdb
3fc90fdb
bfc90fdb
3fc90fdb
3fc90fdb
3fc90fdb
3fc90fdb
3fc90fdb
3fc90fdb
bfc90fdb
bfc90fdb
bfc90fdb
bfc90fdb
bfc90fdb
3fc90fdb
bfc90fdb
bfc90fdb
3fc90fdb
3fc90fdb
3fc90fdb
3fc90fdb
bfc90fdb
3fc90fdb
3fc90fdb
3fc90fdb
3fc90fdb
3fc90fdb
bfc90fdb
3fc90fdb
bfc90fdb
bfc90fdb
bfc90fdb
3fc90fdb
3fc90fdb
3fc90fdb
3fc90fdb
bfc90fdb
bfc90fdb
bfc90fdb
3fc90fdb
bfc90fdb
3fc90fdb
bfc90fdb
bfc90fdb
3fc90fdb
bfc90fdb
bfc90fdb
bfc90fdb
bfc90fdb
3fc90fdb
3fc90fdb
3fc90fdb
bfc90fdb
bfc90fdb
bfc90fdb
3fc90fdb
3fc90fdb
3fc90fdb
3fc90fdb
3fc90fdb
bfc90fdb
3fc90fdb
bfc90fdb
3fc90fdb
3fc90fdb
bfc90fdb
bfc90fdb
bfc90fdb
bfc90fdb
bfc90fdb
3fc90fdb
bfc90fdb
3fc90fdb
bfc90fdb
3fc90fdb
3fc90fdb
bfc90fdb
bfc90fdb
bfc90fdb
3fc90fdb
bfc90fdb
bfc90fdb
bfc90fdb
bfc90fdb
bfc90fdb
3fc90fdb
bfc90fdb
3fc90fdb
3fc90fdb
bfc90fdb
bfc90fdb
3fc90fdb
3fc90fdb
3fc90fdb
bfc90fdb
bfc90fdb
3fc90fdb
bfc90fdb
bfc90fdb
bfc90fdb
3fc90fdb
3fc90fdb
3fc90fdb
3fc90fdb
3fc90fdb
bfc90fdb
3fc90fdb
bfc90fdb
bfc90fdb
3fc90fdb
3fc90fdb
bfc90fdb
bfc90fdb
3fc90fdb
bfc90fdb
3fc90fdb
bfc90fdb
3fc90fdb
3fc90fdb
bfc90fdb
bfc90fdb
bfc90fdb
bfc90fdb
3fc90fdb
bfc90fdb
3fc90fdb
bfc90fdb
3fc90fdb
bfc90fdb
3fc90fdb
3fc90fdb
bfc90fdb
3fc90fdb
3fc90fdb
bfc90fdb
3fc90fdb
3fc90fdb
bfc90fdb
3fc90fdb
bfc90fdb
bfc90fdb
bfc90fdb
bfc90fdb
bfc90fdb
3fc90fdb
bfc90fdb
bfc90fdb
bfc90fdb
3fc90fdb
bfc90fdb
3fc90fdb
3fc90fdb
3fc90fdb
bfc90fdb
bfc90fdb
bfc90fdb
bfc90fdb
bfc90fdb
3fc90fdb
bfc90fdb
bfc90fdb
bfc90fdb
bfc90fdb
3fc90fdb
bfc90fdb
3fc90fdb
3fc90fdb
bfc90fdb
bfc90fdb
3fc90fdb
bfc90fdb
3fc90fdb
bfc90fdb
bfc90fdb
bfc90fdb
bfc90fdb
bfc90fdb
3fc90fdb
bfc90fdb
3fc90fdb
3fc90fdb
bfc90fdb
3fc90fdb
3fc90fdb
bfc90fdb
bfc90fdb
3fc90fdb
bfc90fdb
3fc90fdb
3fc90fdb
bfc90fdb
bfc90fdb
3fc90fdb
3fc90fdb
bfc90fdb
3fc90fdb
3fc90fdb
bfc90fdb
bfc90fdb
3fc90fdb
3fc90fdb
bfc90fdb
3fc90fdb
bfc90fdb
bfc90fdb
bfc90fdb
bfc90fdb
3fc90fdb
3fc90fdb
3fc90fdb
bfc90fdb
3fc90fdb
bfc90fdb
bfc90fdb
bfc90fdb
3fc90fdb
bfc90fdb
3fc90fdb
bfc90fdb
3fc90fdb
3fc90fdb
3fc90fdb
3fc90fdb
3fc90fdb
bfc90fdb
bfc90fdb
bfc90fdb
bfc90fdb
bfc90fdb
3fc90fdb
bfc90fdb
bfc90fdb
3fc90fdb
bfc90fdb
3fc90fdb
3fc90fdb
bfc90fdb
3fc90fdb
3fc90fdb
bfc90fdb
3fc90fdb
bfc90fdb
bfc90fdb
3fc90fdb
bfc90fdb
3fc90fdb
3fc90fdb
bfc90fdb
3fc90fdb
bfc90fdb
bfc90fdb
bfc90fdb
bfc90fdb
3fc90fdb
bfc90fdb
3fc90fdb
3fc90fdb
3fc90fdb
bfc90fdb
3fc90fdb
3fc90fdb
bfc90fdb
3fc90fdb
bfc90fdb
bfc90fdb
3fc90fdb
bfc90fdb
3fc90fdb
bfc90fdb
3fc90fdb
bfc90fdb
3fc90fdb
bfc90fdb
3fc90fdb
3fc90fdb
bfc90fdb
3fc90fdb
3fc90fdb
3fc90fdb
3fc90fdb
bfc90fdb
bfc90fdb
3fc90fdb
bfc90fdb
3fc90fdb
bfc90fdb
3fc90fdb
bfc90fdb
bfc90fdb
3fc90fdb
bfc90fdb
bfc90fdb
3fc90fdb
3fc90fdb
bfc90fdb
3fc90fdb
3fc90fdb
bfc90fdb
3fc90fdb
bfc90fdb
bfc90fdb
3fc90fdb
3fc90fdb
3fc90fdb
3fc90fdb
bfc90fdb
bfc90fdb
3fc90fdb
bfc90fdb
bfc90fdb
3fc90fdb
3fc90fdb
3fc90fdb
bfc90fdb
3fc90fdb
bfc90fdb
bfc90fdb
bfc90fdb
bfc90fdb
bfc90fdb
bfc90fdb
bfc90fdb
3fc90fdb
3fc90fdb
bfc90fdb
bfc90fdb
3fc90fdb
bfc90fdb
3fc90fdb
3fc90fdb
bfc90fdb
bfc90fdb
3fc90fdb
3fc90fdb
3fc90fdb
3fc90fdb
bfc90fdb
bfc90fdb
bfc90fdb
3fc90fdb
3fc90fdb
3fc90fdb
3fc90fdb
3fc90fdb
3fc90fdb
bfc90fdb
3fc90fdb
3fc90fdb
3fc90fdb
3fc90fdb
3fc90fdb
3fc90fdb
3fc90fdb
3fc90fdb
bfc90fdb
bfc90fdb
bfc90fdb
3fc90fdb
3fc90fdb
bfc90fdb
bfc90fdb
bfc90fdb
3fc90fdb
bfc90fdb
3fc90fdb
3fc90fdb
3fc90fdb
bfc90fdb
bfc90fdb
3fc90fdb
3fc90fdb
3fc90fdb
bfc90fdb
bfc90fdb
bfc90fdb
3fc90fdb
3fc90fdb
3fc90fdb
bfc90fdb
bfc90fdb
bfc90fdb
bfc90fdb
bfc90fdb
bfc90fdb
3fc90fdb
3fc90fdb
bfc90fdb
3fc90fdb
3fc90fdb
bfc90fdb
bfc90fdb
3fc90fdb
bfc90fdb
bfc90fdb
bfc90fdb
3fc90fdb
3fc90fdb
3fc90fdb
bfc90fdb
3fc90fdb
bfc90fdb
3fc90fdb
bfc90fdb
bfc90fdb
bfc90fdb
3fc90fdb
bfc90fdb
3fc90fdb
3fc90fdb
3fc90fdb
3fc90fdb
3fc90fdb
3fc90fdb
3fc90fdb
bfc90fdb
bfc90fdb
bfc90fdb
bfc90fdb
bfc90fdb
bfc90fdb
bfc90fdb
3fc90fdb
3fc90fdb
bfc90fdb
bfc90fdb
bfc90fdb
3fc90fdb
3fc90fdb
bfc90fdb
bfc90fdb
3fc90fdb
3fc90fdb
3fc90fdb
bfc90fdb
bfc90fdb
3fc90fdb
bfc90fdb
bfc90fdb
bfc90fdb
3fc90fdb
bfc90fdb
3fc90fdb
bfc90fdb
bfc90fdb
3fc90fdb
3fc90fdb
bfc90fdb
3fc90fdb
3fc90fdb
3fc90fdb
3fc90fdb
3fc90fdb
bfc90fdb
3fc90fdb
bfc90fdb
3fc90fdb
3fc90fdb
bfc90fdb
3fc90fdb
bfc90fdb
bfc90fdb
3fc90fdb
3fc90fdb
3fc90fdb
3fc90fdb
bfc90fdb
3fc90fdb
3fc90fdb
bfc90fdb
3fc90fdb
3fc90fdb
bfc90fdb
bfc90fdb
bfc90fdb
3fc90fdb
3fc90fdb
bfc90fdb
bfc90fdb
bfc90fdb
bfc90fdb
bfc90fdb
bfc90fdb
bfc90fdb
3fc90fdb
bfc90fdb
3fc90fdb
bfc90fdb
3fc90fdb
3fc90fdb
bfc90fdb
3fc90fdb
3fc90fdb
bfc90fdb
bfc90fdb
3fc90fdb
bfc90fdb
bfc90fdb
bfc90fdb
bfc90fdb
bfc90fdb
bfc90fdb
3fc90fdb
bfc90fdb
bfc90fdb
3fc90fdb
bfc90fdb
bfc90fdb
3fc90fdb
3fc90fdb
3fc90fdb
3fc90fdb
3fc90fdb
3fc90fdb
bfc90fdb
bfc90fdb
3fc90fdb
bfc90fdb
bfc90fdb
bfc90fdb
3fc90fdb
bfc90fdb
3fc90fdb
bfc90fdb
3fc90fdb
bfc90fdb
bfc90fdb
3fc90fdb
3fc90fdb
3fc90fdb
bfc90fdb
3fc90fdb
3fc90fdb
bfc90fdb
bfc90fdb
bfc90fdb
3fc90fdb
3fc90fdb
bfc90fdb
3fc90fdb
bfc90fdb
3fc90fdb
3fc90fdb
3fc90fdb
3fc90fdb
bfc90fdb
3fc90fdb
bfc90fdb
bfc90fdb
bfc90fdb
bfc90fdb
bfc90fdb
bfc90fdb
3fc90fdb
3fc90fdb
3fc90fdb
3fc90fdb
3fc90fdb
3fc90fdb
3fc90fdb
bfc90fdb
3fc90fdb
3fc90fdb
bfc90fdb
3fc90fdb
3fc90fdb
bfc90fdb
bfc90fdb
bfc90fdb
3fc90fdb
3fc90fdb
bfc90fdb
3fc90fdb
bfc90fdb
3fc90fdb
bfc90fdb
3fc90fdb
bfc90fdb
3fc90fdb
3fc90fdb
3fc90fdb
3fc90fdb
3fc90fdb
bfc90fdb
bfc90fdb
bfc90fdb
bfc90fdb
bfc90fdb
3fc90fdb
bfc90fdb
bfc90fdb
3fc90fdb
bfc90fdb
3fc90fdb
bfc90fdb
3fc90fdb
3fc90fdb
bfc90fdb
bfc90fdb
3fc90fdb
bfc90fdb
3fc90fdb
bfc90fdb
3fc90fdb
bfc90fdb
3fc90fdb
bfc90fdb
3fc90fdb
bfc90fdb
3fc90fdb
3fc90fdb
3fc90fdb
3fc90fdb
bfc90fdb
3fc90fdb
3fc90fdb
3fc90fdb
3fc90fdb
3fc90fdb
bfc90fdb
bfc90fdb
3fc90fdb
3fc90fdb
bfc90fdb
3fc90fdb
bfc90fdb
bfc90fdb
bfc90fdb
3fc90fdb
3fc90fdb
3fc90fdb
bfc90fdb
3fc90fdb
bfc90fdb
3fc90fdb
bfc90fdb
bfc90fdb
3fc90fdb
3fc90fdb
3fc90fdb
3fc90fdb
3fc90fdb
3fc90fdb
3fc90fdb
bfc90fdb
bfc90fdb
3fc90fdb
bfc90fdb
3fc90fdb
3fc90fdb
bfc90fdb
bfc90fdb
3fc90fdb
bfc90fdb
3fc90fdb
bfc90fdb
3fc90fdb
3fc90fdb
3fc90fdb
bfc90fdb
3fc90fdb
bfc90fdb
3fc90fdb
3fc90fdb
3fc90fdb
bfc90fdb
3fc90fdb
3fc90fdb
3fc90fdb
3fc90fdb
3fc90fdb
bfc90fdb
3fc90fdb
3fc90fdb
3fc90fdb
3fc90fdb
3fc90fdb
3fc90fdb
3fc90fdb
3fc90fdb
3fc90fdb
3fc90fdb
3fc90fdb
3fc90fdb
3fc90fdb
bfc90fdb
bfc90fdb
3fc90fdb
bfc90fdb
3fc90fdb
bfc90fdb
3fc90fdb
bfc90fdb
bfc90fdb
3fc90fdb
bfc90fdb
bfc90fdb
3fc90fdb
bfc90fdb
bfc90fdb
bfc90fdb
3fc90fdb
bfc90fdb
bfc90fdb
3fc90fdb
bfc90fdb
bfc90fdb
3fc90fdb
3fc90fdb
bfc90fdb
bfc90fdb
bfc90fdb
3fc90fdb
3fc90fdb
3fc90fdb
bfc90fdb
bfc90fdb
bfc90fdb
3fc90fdb
bfc90fdb
3fc90fdb
3fc90fdb
3fc90fdb
3fc90fdb
bfc90fdb
bfc90fdb
bfc90fdb
3fc90fdb
3fc90fdb
3fc90fdb
3fc90fdb
3fc90fdb
bfc90fdb
bfc90fdb
bfc90fdb
3fc90fdb
3fc90fdb
bfc90fdb
bfc90fdb
bfc90fdb
bfc90fdb
3fc90fdb
bfc90fdb
3fc90fdb
bfc90fdb
bfc90fdb
3fc90fdb
bfc90fdb
bfc90fdb
bfc90fdb
3fc90fdb
bfc90fdb
3fc90fdb
bfc90fdb
bfc90fdb
bfc90fdb
bfc90fdb
bfc90fdb
bfc90fdb
bfc90fdb
bfc90fdb
3fc90fdb
3fc90fdb
bfc90fdb
3fc90fdb
3fc90fdb
bfc90fdb
bfc90fdb
3fc90fdb
3fc90fdb
bfc90fdb
bfc90fdb
3fc90fdb
3fc90fdb
bfc90fdb
3fc90fdb
bfc90fdb
bfc90fdb
3fc90fdb
3fc90fdb
bfc90fdb
bfc90fdb
bfc90fdb
3fc90fdb
3fc90fdb
3fc90fdb
3fc90fdb
3fc90fdb
bfc90fdb
3fc90fdb
bfc90fdb
bfc90fdb
bfc90fdb
bfc90fdb
3fc90fdb
3fc90fdb
3fc90fdb
bfc90fdb
3fc90fdb
3fc90fdb
3fc90fdb
bfc90fdb
bfc90fdb
bfc90fdb
3fc90fdb
3fc90fdb
bfc90fdb
3fc90fdb
3fc90fdb
3fc90fdb
bfc90fdb
3fc90fdb
3fc90fdb
3fc90fdb
3fc90fdb
3fc90fdb
3fc90fdb
3fc90fdb
bfc90fdb
bfc90fdb
bfc90fdb
3fc90fdb
3fc90fdb
3fc90fdb
bfc90fdb
bfc90fdb
3fc90fdb
bfc90fdb
bfc90fdb
3fc90fdb
3fc90fdb
bfc90fdb
bfc90fdb
bfc90fdb
3fc90fdb
3fc90fdb
3fc90fdb
3fc90fdb
bfc90fdb
bfc90fdb
3fc90fdb
bfc90fdb
bfc90fdb
bfc90fdb
3fc90fdb
3fc90fdb
bfc90fdb
bfc90fdb
3fc90fdb
3fc90fdb
3fc90fdb
3fc90fdb
bfc90fdb
bfc90fdb
bfc90fdb
bfc90fdb
bfc90fdb
bfc90fdb
bfc90fdb
3fc90fdb
3fc90fdb
bfc90fdb
bfc90fdb
3fc90fdb
3fc90fdb
3fc90fdb
bfc90fdb
bfc90fdb
3fc90fdb
bfc90fdb
bfc90fdb
bfc90fdb
bfc90fdb
bfc90fdb
3fc90fdb
bfc90fdb
bfc90fdb
