3fee114c52187b5a
3fefff75ccf8a334
bfdef45c3079e1bd
bfefd0255335bb0a
bfefd646d5d8fd2e
3fe3e67113010355
3fed9f3c98a58c97
3fd462ec6550c492
3fe3f3c770092fb8
bfc5a06bcf92ae32