e17ae568
e1892973
60bc51be
e0e7128a
60b009f6
e00aa020
602e8ff6
e0be63d5
e10ad2d4
6168fa75
60802dae
e04577dd
6188061d
e0fa2f8a
6167b754
e08cd656
617a233a
604b7325
e0b02999
e0f0652f
e0bce78c
609f5477
e152add3
61250e0a
e101603c
e0f0e702
e077f712
e0d7d53f
e11d0928
e11b9687
e090d826
e17a3123
61316c4a
e120bcca
e1355f86
e10da124
e1786763
6114e0c2
e12468e0
608f9f36
e175c44d
612b1cdc
e18e0586
e152d3b3
600ed1c3
e131249a
60cdf08b
e1134d11
e04dfba1
607f8be5
e11f962c
5fbf1728
e1437fd5
dfc1e40c
e10c572e
e106a733
606eac0e
610ff196
e093ea1d
617fb760
6114920a
e0bf8363
61275161
e12abf4e
6123eedb
61171745
e0d0a9dd
5fb53d73
df616c2b
dee54e7d
e16b3dde
e0f1bf93
e14e6a0d
5ea0f2f3
6084dcc2
e01e6e88
6143be96
e11a3216
e1327b1d
e160110c
614d3182
e180c555
61552f0e
e182a95d
618e6b96
dc922ef6
e007f7d9
e0162d18
e0f60603
e0d1a073
618fafc0
61925e5a
e17dd6c9
e03d0a1e
5fd48209
e0e83984
e10c657f
e0af2457
611b52cc
e13cb7d3
e1939219
dec3a82b
e101e897
e046eaf8
6165845c
e191d9b7
61508565
e0a721b7
5f76e519
613daa82
61832c19
e150530e
61887737
613f8d52
607aca44
e0c8b6a8
61152658
6155f746
dfca2c10
df65dedc
e18905b9
615427e1
df9e599a
5d02ab15
611f79b7
6154747d
e16a2036
5f91fdf5
61924bb3
60f63d30
60fde7e8
60d43c4e
6074da09
e00ddf11
e151717b
e0ac2c4a
e12a7a7d
e12d68d4
60ea041f
e13cca4f
df83700f
61454a81
61518c78
617103e8
61181301
e17a85fe
61766617
60feaa16
60d017f1
5fb49a7c
61909680
e15db3ea
616787b7
e18c2b34
e00a8f6d
e18fd351
60de0bc3
60b23372
5fd8b5ac
60ed7810
e1200919
e14cb37e
e14b3dea
5fb37a9c
e178848d
617f6b45
e14fe37f
de6681a2
6159029a
e0de35e5
e1890c3e
e1147712
e08dbc5b
61715bae
61508c3e
6103ae1f
e15f5fbb
dfbcf32a
e079e1c3
6072c554
6181911e
6015d731
607cca22
60d5e114
e1123f9b
5fab758b
e1534dc5
6091becf
5f99fe6a
e17ef6a2
e18b14a9
e1370e53
e12b26b2
e01b2239
5e2c1571
e18e3a43
60e49a5e
e151cc53
618fb3f0
61877eb1
e04bcf4d
e114d2b2
df38f81e
61822c65
e136778c
e1805012
e12f4d49
e10d1391
e18781e1
61751cf7
e0b6babb
6098e1bc
6188b193
e18f19c0
e04cddf6
6166511d
615cfc9f
6137406a
dfb47d22
e11d1324
60af46e7
e13934b2
e1294363
e155f439
6192ae9a
613b1f00
60b73918
6052e1fd
605be2f0
e022f7eb
5f824fab
e0c8b19c
e118aef6
614f38e1
61746838
e08f2074
e08bdb60
5f67d697
e126c2ae
6187b381
e137f40d
60763841
6162123b
e041e3a3
e0cbe45b
e0ffae1e
e09d6068
612629f2
e0ee527f
61735a17
e1108b9b
60323f35
e172ca1f
5f23b236
61878d46
e132df07
6151ff93
600b0b59
df8f3c29
5d643cb9
614f9a22
e16d7911
610d1429
e1437a2d
e13e5077
e0c85883
e1288587
e18e9823
60c76b29
dea7e435
e0459e7b
e0a84a42
5e6d2b87
e16f3d86
6008da65
603eb124
5efb4196
e036e63a
dfa84787
e145b196
df6eeb98
e06dc3cb
61938ebc
e1276c15
e0cfd817
e100e79a
e108ff82
60c546e6
e10ec6a4
6068c1ac
60e937b6
e024b0f7
e189c86d
5f098588
e134ec40
60961135
e0e03261
e1206f5d
e172d171
e17fcc20
e10659a0
6092fee4
e1093675
61561abe
616d87ca
df899180
606641ff
60a41cd1
e1139a97
de26e439
60b1afdd
e1911ef4
5f68e2df
61350eef
e0f07f0f
e1768cc7
60eab21a
611c4b02
e17fec19
61869630
60862c33
df384a2e
e18b7daf
611b9b8c
617e292c
e1487dba
61802d61
e0fdb0eb
e112a142
e114efa4
e13979a6
613c24af
5f9a5b18
60c71550
e1513178
614d4e0b
e03c4bed
e1862873
e187f5ee
616f7709
e1433032
61523ad7
e12280a9
5db1df9e
613259f1
6166a5c8
61088ad5
617299c1
e1218467
e0705068
e154131a
df9d9630
e081e79e
61256ed6
e16d8108
e12faeb1
6135dcd5
e192d95d
616af8d7
6024fdcd
e14f1cc6
6105efef
6100d5e4
e17e275b
5f87cd75
e138ddbb
e131a2c3
60e42277
e0d91972
61573908
602e73ed
e131b78c
60a6dcfe
e06d8a2b
e18f2b05
e0aacbb2
e0928c8b
610633c1
e186ee63
6174dbb5
617d5217
6004ea81
e02a4b7c
61763199
618e24ef
e1660cc5
60eecf00
e14930a7
e147e2a1
60a2fddd
e1258067
5fa37b79
e0b0e1b9
5e4b967c
df01872c
61806e58
e17d9e80
6160f52d
6001c038
e13f3f54
61586dae
60d5724a
61341890
61219716
e029b216
e1865bca
609b7df7
e18021b3
6031d223
e1475ad0
60fc6843
e0927bd3
e12734b5
61822b9a
e1731825
e166c173
615d09f6
6119b89d
e16f72d1
606859cc
60f579d6
df4179f3
616fc5a9
e171225d
e0ec6d1d
60676581
618a53e8
611692c5
60e6e2ae
e119cddc
e02c69d4
6048c70c
dfeed14f
e0b27871
61467d90
6145a737
617ca3d5
dda3d102
60ebd8cc
e11c7152
e1860747
e1192534
e0798575
e105ee9d
e1629480
df012702
61338fcd
618a3810
e07af314
e159bd1e
612027dc
e16078e5
6090c9ee
606f4c4b
e11d9ce5
e0db14fe
6170bef9
5f7f0054
6135b048
60453732
e0bd9960
e1833bb0
e15465dc
6102f190
61158ec1
60c44f18
603f333d
610df0ff
6115f92d
e1093042
6177c267
6128b9e3
6185e3ee
61384171
5ece4673
61025bb2
61160952
609ea054
e1444eb4
e0fdb4c6
e07aefe5
610c74c8
603d8966
e18793da
e186b127
e160d10d
6160eadc
e12253f0
61677047
6127bab1
610b4e64
e1788243
e04a645a
612a78e2
5fa93d16
616b74d6
e190391f
e0869de8
e163aebd
61054964
615cf7dd
6188c945
e0ee885e
e18dd7c9
e18d8f14
e15f6163
e11c5c9d
e1868964
6185d10e
6108e9c8
dfbcbe4f
5fd27d3d
61032d4f
e18b2598
e18f8abe
610eb9ad
e0c45280
e14d9ec3
e11ba057
6058146c
61316276
60852630
e08195d5
603c672e
e18601a5
5f843653
e1922f11
e09ffe23
e0f4d299
61468fce
e13ca2a6
6139bbd0
6137e5ac
60fb9059
6183ffd3
611aaa41
60b149a4
603e38cc
e0fa3edd
e1883bd0
e1540802
dfc3183f
e13eeda3
e0ce181f
e13b991c
614109aa
614f826e
e09e0835
e161d293
e0294f79
61784eb8
5ca919ac
e158775c
dfc9c797
6179aa4d
5fc796b6
614d7a17
e10d45b2
e180584c
6079ccd8
e0cf6aa9
e1213589
e07f0f3f
60bd9ad1
e1865d05
5f4a2d02
e189b941
e1871ad0
5e90b28d
60f09598
df20a8e8
610a96d2
61808b85
61844be1
6087bb08
618090b0
dee73ba9
600224e3
e0f03f95
614878b7
5e7fe1ed
e07a10a0
60bbd1a8
e1840cfd
db7971cd
613afe38
61524b89
612bf47b
61191833
e12a522e
6145a7ad
614f3045
e12c070d
60c89a1d
6174ff0a
e096e5f2
e185ffe8
dfa7e209
60efcc69
617e79aa
e126264d
e117ce8c
e108c33d
e13c5c9a
e06e09e2
e16eea9d
e152b419
6160274d
e0b492b7
615f421a
e0c8554c
613aa284
6178b2cd
e186aedd
61037248
618f8206
e0c9587a
e04205ce
616f0d2a
dfbde3f5
e18642d6
e1032aea
dfa4a56f
e089a638
e0e29937
600d28b5
e1796f4b
e0b6ad86
6191a39d
e0ad00fd
df402fc9
5f889fc6
61564ab8
5eb44b21
6183c626
618340c5
60ee5e74
e132163f
e190323f
6178134d
dde6c7d8
e11c67b0
e122b9a4
61208ede
e03e1076
61201236
e113f7bc
612fef6c
dfa1a6b5
e16734fd
614f623b
60085c23
6161437b
e1479575
61765e5a
60c4d745
e16decfb
e1452812
e013af3d
5fbefc39
6134cc9b
e10fd12c
5f407b5a
e120485a
6142ec48
6155cbad
60321317
618831e6
e072572f
615fc996
e188cbad
e0e81907
e09e306c
e16c0c2a
e152e347
e1546e12
617a1de7
6117caac
614643f3
60f15f71
60fd0be3
6184ff96
60a45e27
e13fd4f6
6151680e
60de440f
e0fd6669
60fd3abd
6131d90f
e10f377b
e1215a10
e10ba8da
60f8c1fb
614a0c0c
e15ec102
60f2114b
e14b7aae
60f5d0c7
e1885f9c
616b3c87
e11b173d
5fdb262d
613110f1
616d6e7a
615b087c
606763b7
e0dbfe08
e185af64
e0542d39
e15d375b
e13c03f1
613d8952
e1929cf5
e18523b9
611fa5f8
e0ea913d
608e82ff
e160651a
6159ba70
616c918b
e0e81b9f
e0429929
60c076bf
e15db0a8
618e0263
e0ec2fd8
5fc5f9ea
e18fb852
614bb6b8
e08378b9
5f461dce
e1618aa9
613ee728
61579ac0
61478fa3
608adfac
e0d73965
61933a6d
603a9410
60ea5eff
61900c79
600c903e
e0538dd5
e18fa6b9
618ed2de
602c176f
e0db6889
610abc44
e13410b2
e0f8a1c2
e0cd8e96
60dd7d94
611c789d
609eb724
e16c693e
60c651f6
e0bd7b1c
612d8fcb
e08c6eb9
e1056aa9
615d2a1e
618fd2e4
61891e27
61027d9c
6016e19c
5fb86e7d
5f5c4db9
e06a08f0
e149092d
61544101
e1934e89
60242df4
6131a0bf
e187d837
e094cef8
60bf6442
e081b577
6036a784
e0ee1e0e
610b5e67
617b5767
618d250d
e18c00a0
6173a25d
e06af537
60a8ceb7
613bc836
5f4fd086
e1908d6a
6193607c
613310ae
60f664e8
60ad6a72
5f858190
e0a9cf17
60fd1231
61856f1e
6126bc0c
615ae924
6192cc1a
616f51ef
5fac5485
618074af
6166881d
602c58e1
5fab961e
5f8131f6
60f4c4f1
e191b00d
e18fd911
610e9cb3
e047bca5
60a6f989
e05b1080
6192e38e
e0360f76
e16db3a8
5fe4f443
e0ae3ca6
e0f3a004
61166e29
e0ae1fdf
e16cb0e3
e0cc72ea
6124baab
e16d4fb6
e0cc24a3
6120f2bb
e0e39d0b
e1370665
617b6b9e
60224e5f
e12d2268
e130afa1
e0d91f5f
616314c5
6101d704
5f741026
e180f867
e1837900
e00f7b0e
5ff697dc
e18a8b9a
60cc8f02
610cfc8d
6182649a
60a2a652
e0465549
e1123cec
de94f9ba
61681646
60b081e1
6187cc1e
60cf31a6
612af044
e05fad02
e0b0a826
e0e90c08
613a6ebe
5f4c9219
e1307ad6
e06a82ef
e11a891c
e07088ee
6100ee3f
e045e523
6089dbeb
e130db62
e1876572
6005d37e
e18374d2
e02378c3
e033c303
5f35415e
e1783fb0
6141e09d
e105e538
de7b8a2a
e16b3f2a
e0930d52
e120570b
df0ec58b
df139141
df84804e
6185e37f
61227357
e14d06dd
5fa9b7d1
6103b661
e174b4a9
e1600e6e
5fb74f56
60f214bf
e09c11f8
e16e2712
609ca876
5ece7895
e13c89d0
611e19aa
e0d3e94a
e16f97ba
616d2f55
60f2346d
e0a5e2bb
df8f0364
e13382aa
615985ef
616c00d9
618a2cc2
612ad463
613141dc
e1933a67
5f11d786
e1188d9d
e1931056
e0882acf
e1765c53
5ec4bd61
5f800362
61687e3e
e02063cf
5fd8dbab
6053d7c4
617ded96
e1525a8a
e18ce5e2
e145c534
61707319
618f2e82
e113cb3c
6186c194
6100c258
617f1901
e11a1f14
60a03970
60857b5d
604b9309
616332db
606c9cde
5fc5cf65
6159aa5b
e027df7a
e18d0d11
e03b892f
6009f043
6104b4c6
60ade395
e0fa6163
e10daeb6
60bd2692
e1926a18
e15281dd
6107e6f3
605ab7bb
e11d8fae
e022e7ea
e0067e9d
611f1c2e
618f6a74
6102a5b4
61490a9e
e16050fb
e135f282
610ed6ff
e0662697
e0354b06
dedbabdf
61529db2
60f3c72f
e184f4a1
df7bef01
614aa3ce
6183f0e6
6165b3f5
61831030
e1462ff3
e135c8eb
e01e4453
e05ac14e
e0ec58da
e16f5b1d
e11ddaea
61072e96
6103851c
e16740ba
e064b745
618bedc5
61697161
61927d51
e0704564
e16710f2
61822153
e08da44f
e13477a8
dfd02018
e163980d
e0b75da2
615d17a2
e12df855
e1883633
