3FFE921FB67EACAE495406E8518D914E
3FFF0C152454731EDB8D59F0365E60DE
3FFE0C152454731EDB8D59F0365E60DE
3FFF4F1A6BBC10BCE6A5BBE6CB7B93F5
BFFF0C152454731EDB8D59F0365E60DE