3FE921FB67EACAE5
3FF0C152454731EE
3FE0C152454731EE
3FF4F1A6BBC10BCE
BFF0C152454731EE
