4000921FB54442EE9DC81E87958E2EC6
3FFE921FAFC8B0079A2834D26FA3FCCA
4001921FB54442EE9DC81E87958E2EC6
3FFF921FB5443D6F3DCFC02E70363709
40012D97C7F330D31E57FF4F66D4A525
3FFE0C152B0A6FC58AB92C061847F562
3FFF0000000000000000000000000000
40000000000000000000000000000000
3FFE0000000000000000000000000000