3FF0000000000000
3FFBB67AE6502B91
3FE279A740A12FE6
400DDB3D8E000863
BFFBB67AE6502B91
