bf776dc7
3f730ba6
bf027e39
bf3e13a2
3f52343f
3f7fd53d
3f5b37ee
3f08a402
3d95e0f3
bd92d0c6