408e7e14
3ff1f4d3
40b7f21c
40ae48fd
3f769e46
3fcdafab
40074360
40250724
40445fc0
40c6c416