3efba23b
3f60a838
bf26e42a
3f7a96d4
bdf6ac85
3f627af0
3f7bcc4c
3f7fe433
3f70e57f
3f78ef73
bf380538
3e962133
3de042e7
3e4c6cdd
3f777370
bf63e6f4
3da40f8c
bef01a5f
bf15d344
be1ee573
bf7cb802
be28f7c8
3c5442a5
3f68a456
3ed2b96d
3e23372a
3f544049
3f0d9c2d
bf7537b8
3f08fc0e
3f7eac63
3f7f6efe
bf3d7989
bf0beb95
bdfde762
bdcd7924
3f68b689
3ce3762f
bf7f3ede
3e961478
bf6013c6
3e843316
3de7be7f
bf20aa59
3f75e0a6
bf628113
3f5cbb89
bf7ba54f
beea9e63
3eaad0b9
3e05bad3
be90ca4b
bee8feb2
bf7f38f4
bf7fc49d
3f7834ce
bf07d844
bcb26b4a
bf0ce274
beddccd3
3e69f6b8
3e8a5e40
bf4c83bf
bed7274b
3b4d0651
3e9161ac
3f48977b
3e07e83e
bf72cb24
bf1abf82
bf29975c
bbee28ff
bf4885a5
3f5e622d
bf7fe57e
3e3db19d
be497eae
bf7ca674
bf17aea9
bf1e76c4
bf48fcbc
be073324
3f4dc060
bf6d55be
bf2c36d1
bf7b923d
3f3f9bbd
3f772889
3eb696c3
3f65f313
3f19bc4b
3e8cc3a7
3f7fcae5
3f7d76d0
3ea7cc81
3f49cc01
3eb1442f
bf02fbc5
bebb0eb4
3f6a5d30
bf7fff6c
3f283c93
bf7f2ab4
3f66a86f
bf631bce
3df1a52c
bf619659
3f79ef98
3f023b3e
bf48b87a
3f533436
bf409375
3f3ab648
bf776cd0
bee21e60
bf72675e
bf7de366
bf6d5769
bf330d1e
bf33b449
3edf3080
3e5464ec
bec8644b
3f3df7d4
3f25f7d3
be4e4229
bedebbe3
bebe136f
3f7ff9cd
3f32bdd4
3f7f465c
bf57b698
bf5de65a
bf77b222
3f7ffd48
becffc7d
3f6ba325
3f344a36
bf723fc1
bf73ae87
3f01a2aa
bf6365b6
bf03a1fe
bf72a99e
bedf600b
bf6c66a2
3ef3441d
3ee31470
3db5f129
3f6488c6
be95fe45
baac5041
3f36382f
bf7cf21d
3f2433a3
3f60b252
3e066e76
bf12930e
3f64a22f
3f7ff6e0
bf6ecae2
3f78052d
bd8e3c4e
3c120ca4
3f47e845
bf7d75d6
bf7fd49b
bf5c7250
bf7ea83a
bf6547b8
be68affe
bec22ab5
bf4e8927
3f1978bb
3f7fffac
bf4c51db
bf71233e
bf4399e5
3f1cd77d
bf7452cb
beabfaf1
3f7e4828
3f527d2d
3f6a95bc
bdd2489c
be1eb964
be992ff0
3e3914ab
3d364279
3f0d1584
bf48d36e
bcb77ae4
bf2d1e99
3f3a6554
3f6c7e76
bee594b2
3f4732e9
bf464b0e
bf105c9c
3f44d438
3cd2f8d8
3f7a2e3c
bf4c3c18
bc8c9051
3f5cb45d
3f7f0b05
bf2790c2
3f4d239f
bf7fe229
bf281186
bf617a96
3ed563e3
bf445902
3e25d7a8
bcc2efc1
beefcd06
bf5bb155
3e9f5b15
3f5979c3
bedd1998
3f3fcb96
bedd9641
bf56bfa3
bd81db60
3f16bdaf
bf564dd2
bf77de04
bf4874d3
bf730390
be0fcc6f
bf61cd47
3f5bfd56
3f76443d
3e38aac1
3f134833
bf7e3821
bc27e7c8
3f701c8a
be6559aa
3f5458c9
bf6baf17
3ee2acb0
3d322e3a
3f2f6be1
3f14b988
beb2194e
bf7ff839
3f7c7667
bf795252
bf516d98
3f3aaab0
bf646420
3f4b8d0c
bf763dc2
3e9b195c
3f2b70d2
bf47125e
3f45731a
bebe100a
3e700bf3
bf6b07f8
bf69a4e5
3f53bcf3
bf4cf69b
bf48c6c7
3ecaf079
3f2a141c
bf7606b4
3f755aa3
bf6acdb7
bf6f48a3
bf7caeb9
bf354127
bf1d1f60
bcbb2066
bf457eff
bf744472
3f4d0c78
3f609ef7
bf7b8f07
3f1ceda3
3f21c372
3f7c04dc
3f6c78d8
bdd662df
bf1d3cb6
bf4c64dd
3f55e40e
bf7f8ed9
3e7ab3b7
3f5ad622
be8caaa3
3f7fd6f8
bea3ff5e
bf583b78
3f2579c1
3f6b7531
3f7196f7
3f171d2e
3f780bd1
3f5daa33
bf36eb70
3f7ffd7a
3f2636f2
bf787379
3df9242a
be6c3cbc
bed0ae97
3f6f67ff
3f59fc04
3e35d3bc
bf76a9ad
bf748eb6
be5a85aa
be12994d
3f57e50f
3e5e289a
3e2eb93b
bf431225
3f1db09f
bf7aff34
bc49cbd4
3f4e3cab
bf61579a
bf73baf0
be91a0d4
bf4dbc54
3f7a70fa
3f09fe8a
bf624698
bf28d95e
3e42987c
3ecb2e3c
bf4b4bde
bf397f18
3f4cad6d
bf77602d
bf499975
bf7fc538
3f2939e0
be4fc8e8
bf26e3de
3f6059cd
3f33dbec
3e4511c8
bdf7bd81
3dc67520
bec14fef
bf4bfb23
bf370389
bf2f396b
bf7d17d8
3f6279d8
be2e3494
bf75f848
3ee24bf7
bf6ab3e3
bf1dfe8e
bf637fe3
3f701a7b
3d8e67a1
3e3849b8
be7b7f76
3f7ed267
be8130f9
bef5fa11
3f50116e
bf35152b
3f60f142
bf0e92da
3f44716d
bee928f6
be670811
3f72edd4
3dc3382e
3ed97aca
bf06cba5
bf61cbf2
befe758e
3f7f9b26
bf73f567
3f3f1c7c
be00188d
bf783d08
bf1daea5
3ec59003
beb87878
bf772da9
3f4446ed
bf4f7e40
3f3a9e50
3d4583d5
3ee93ddc
3e832565
3f391608
bf722743
bded713b
be43cc9b
be1cfe61
3f232e32
3f2df783
bf767e21
be879c6d
bd915a55
3efabba8
3db8f971
bdbcb1da
3e037d50
bf47a1c2
3f55b67b
bf3341b7
3f7b7a14
3f6481bf
bf6cf19f
bf412a11
3f78c637
3daf96ac
be5afd94
3ecb8f43
beb814b0
3f56e2ab
bee4b159
3eaf4ebb
3f1e5f44
3f6de7fd
bf7f3e55
be7e6c04
bf49495c
3dc621b0
bf498147
3f525d75
3ea01caf
bd9bf711
3f44fd64
3e7044dd
bf280bd3
3db55460
3f77bd24
3f7cad0c
bf787556
bf720c51
be4e7239
3f71a235
bed8a63e
3e9423c2
bf7ff78e
bf3bca42
3ea89897
3eb8280d
bf6902dc
3f6b5e81
3f22e670
3f7ff9ce
3f7ec609
be2ee4cb
be2c5db8
3f251640
3f1973f6
3f486c28
3eda6a74
3f574585
bd56fb5e
3f49f89a
bf366d86
bf4eaf1b
bf77faa7
3efd9aba
3e289e16
bf44cd75
bbda5e30
3f7f5348
3ea020c5
3f7e3234
3f58e0fc
3f323e15
bf7a12ee
bf71bb2a
3f5da3b3
3bf3fdd3
bf20c4fa
3f7b04f9
bf34f6d2
bf5be353
bd83abb7
bf45f875
3f6ed7b1
be3e843c
bf621361
3f7fc043
3f7f5ab6
bf706034
3f67db60
3f026be0
bf4c2817
bf4fc5d0
bde02506
bee606b5
3f64c82b
3e56a8e1
bf1f90d3
3f455933
3f3021f1
bf7e1551
3f7fc6c1
bf5f4df5
3f363133
3f7f3be0
bf4b2bcc
bf67adff
bf00623e
3d32c4bc
be1b3ad6
bf56dd8d
bf5dcea6
3f3d55d2
ba57f7fe
3d8e4f57
bf5bcf1e
3dcc53b7
bf0f62b6
3f12d4ec
bf26c49c
3f2b99e5
3e2ec843
3f3d3ab5
3f6c41b4
bf5f552f
3f3817c1
bf745c58
3e22347b
3f4a6b3e
3f73a708
bee867fb
3f16cf9e
bf3bf5fc
3d9fab8c
bf03ba64
bf62d1a6
bef161c7
3f7db237
bca1d292
3eb7d080
3f5fad40
bf190fe9
3eb471b8
3e1e0df4
3f7572aa
be01d81d
3f69b49d
3f5c90d7
3f75da7c
3e3c4669
3f0902f8
3e2e9b70
be9ced1b
3f522084
bf66753d
3ea54b40
3f1a4f13
3f5eff60
be866468
be8115e9
3f2034ab
3c8920a5
be8a9c16
bf40b8c8
3f7c7b8f
bf1b9cc9
bf7c9551
3f4f8d4a
3f26db3a
3f790b5b
3e89ad04
3f7e0ae1
3f4f9857
bef5c1ba
be2f65f4
3e0e270c
3f7dab3e
be9e9b6e
3f30ea40
3f797ea0
bf765dae
be62867b
bf5a75c3
bed6b845
3e4a84cd
bf7bd273
bf38af05
bf358502
bf14d30b
bf7f51c2
bf18f71d
3f2f2642
be06ba83
3e7dd2c1
beb8f726
3f67d388
bf36eb98
bec08bb3
bd9bd014
3efdedd3
3ddbad3c
3f6e24cb
3dea8ac1
bf70fe43
be1226f3
3f640b66
bef562b9
3f02fddb
3f7f58e0
bf690b77
bf3c0269
3f70c766
bf36fb50
bee51ca7
bf4e573b
3f1d25ce
3f7f57ac
3f7e9243
bf776b2a
bf6ee98a
bd98fe0f
bf3e536f
bf7bec3f
be86e2f2
3f7f2da0
bf3c5599
3f0e52da
bf7ffabb
3eea7243
bf502d16
bf0d9202
bf48c0ca
3ed9baee
3ee2972e
bf6d1ab9
3f7f16b5
3f27bf25
3d9231a2
bd2d33eb
bf6d50fe
bf2ca06c
bf7b0d9a
3f50e3f0
bdcf6dd6
bf4e462b
3f404486
bed3c949
3f3f5d42
3f430b9c
be9b8c04
be0831de
3f7cc4f9
3f7c9c8e
3f67e683
bcb84d85
bf763fcd
3f3f274e
bf120368
3f288d45
bf66c8db
3f697fd8
bd38d6d5
bf427971
3f44c345
3f67dc8c
3ce34385
bf0a14e5
be27cc05
bf5685be
bf755293
3e779de5
bf6ab2df
bf6b4ae8
bf6664a8
bf4c1cd7
3e276100
bf54f44e
3f539e45
bd524cb2
3ec1843c
be141972
bf7b17d9
befcaa84
bf5b0f8d
be9e7a77
3e724c7a
3ec2c2a4
3eeb9499
bf2ff091
3dfe3221
bf7e7a83
3f6f5f7d
3f620255
3f754765
3f7714df
3f7cf491
3f75f651
3ebf5910
bf3df2ee
3f31a3c6
bea9b9f4
bf43b733
bf60a365
3f7414f3
3f71a0ba
3f7f7df9
3f5eba53
3f5c959c
3f7622b6
3f71a80c
be334e99
bf359766
3d401c0f
bf1a90af
3f79bd1e
bf4fc195
3eecfa89
bf1a9e45
bf4dffa0
be119a62
3f6ec8cb
bf2e8b3c
bf0b8f13
3f7ae9fc
3f2fbab6
3eb1cb02
bc81c4f6
bf0f2196
bf1b4a23
3f578aa1
3eb168d5
be98b3d9
3f60d55e
3e536a1f
bf7faab6
3cbf9065
bf65867d
3f782e01
bc9e7b30
3f64f23d
3efeddea
be5dbdf5
3f50d821
3f1c2536
3e723af2
bf72ba4c
3e6dbe90
bf5106e9
3f7fffb3
bf6c653b
3c9b3ece
be99f13b
3f64e13f
bf7f823a
3f796875
3e9d2959
3f552c97
3eab26f5
3e0b0882
bf2f6f10
bedbf447
bf7d3d87
bf36c801
3f641222
3f5302c3
3f119aa6
bebea8f1
3f3c31ba
3f7df848
bf396e38
3ef720b2
3eb850ca
3f2eee08
3f5fc08c
3e62f400
bf7fdc99
3f71e32f
bf5c3bd5
bf75909f
3e2ee5c3
3c5e8695
3f7b1de9
bf7f94e0
bf7ff199
3f584f80
3f7d349f
3f22ad34
bf78dcda
3e9d10a6
3f54e42c
3ed74bd9
3f43f0dd
bf7fdeae
3f774537
3f7d4efa
befd2fd1
3f7f706c
3f120e26
3f1d3fff
3ec45020
3f421a19
bf7fc507
3f31bd17
bc248bfe
3f7f9684
3f7f31e9
bf6386ba
3e27afa1
be13ace9
bf51975b
3cbfbd1a
3f7c54f6
bf784625
bf6b9dff
3dc97b70
3ea70343
3f568be3
3f374bcd
3f497164
3d9d0a16
3f588e1b
bf030c7c
bf6cb5c5
3f12664d
3f2571a5
3f64a200
3ed21b6f
3eba8389
3f7f84d9
bda4e1c6
3ef1c9d1
be4b23a1
beebe276
3f176cc5
3f6b2b65
bf63389d
3f2f0811
bf2f26a6
bf57fae7
bf6dc443
3f214792
3ed8ea68
bf130576
bf671125
bea34995
3f6251c7
3ef05938
bf641241
bef82788
bcc424bc
bd341450
3f259688
bf7f6ea8
3f7e92e3
3eb19cbb
3f7bf344
3f4aa766
be92d645
bf6d40fd
bf3cd2b2
3f74ddaf
be65718f
be97c8cb
beb86898
bf2eb7da
bf25a077
3f4cb5a8
3f730669
3f6e5c66
bf1d6521
bf5c1afa
bf74b7b9
bf7ea0f9
3f7e3355
bf7ff920
bf6abdeb
bf7bdf3f
bedfb7c9
3f48d942
3d78d050
bf33e4fc
bbf16d2d
3f52e701
3f3c91ee
3f5278c5
bf722c30
be141acd
3ef07f48
bf3d6282
be1c7b45
3f7ea46f
bf273414
3f7f95ff
3e897719
bf72beda
3e6abdda
beecef72
3eb03648
3f550b96
bee84be2
bd55101f
bf23e1ca
bf36305a
bf01ac82
3f37d022
3f0ab727
3f1773a9
be8acd90
bdda949c
bf7f69bf
3f65dc4a
3f3dedb1
3f38a7fc
bf34a1ec
bec5ff1e
3f624195
bf7ffb59
3f31590e
bf6d7774
bf4c827d
be412fca
bef91c2b
3f3da6af
bf74f3ae
3f384cfa
bf479af2
3f733870
bf6955cf
3ea80238
bf7dce27
bf5dd025
3f038b11
3f50af00
3f50fd51
bf5d8f16
3f490c98
be9f892d
bf05a25e
3f28b912
3f77f0b8
3f7fd73c
bf4520c7
3e920945
bf5a7241
be03ba2b
bf7fbabe
bf5efb05
3f3f2dd7
bf4c8a73
3f7ff8ca
bf4b9461
3f7bde0a
bf71eb11
beb5ef4b
be104535
3f40ab38
bf7ad1e6
3f77b31b
bf1c389f
bf71b311
bf54ba00
3f6381a2
3e6e786e
be59c426
bf1f3533
3ea755f0
bf250223
be403725
3f7b72d9
3e9495b5
bd87e0dd
be9f1912
3f23a318
bdd2b8b6
3f7c12d1
bf06430f
3f3614c5
3f7ff654
bf7fff95
3e48f65c
3f11bc8e
bf202bc6
bf7da368
bf1b792a
be92b4aa
3f7e0e30
bf27e551
3f357957
bf2b2892
3f789729
3f1af50a
3f7e3134
3e691d12
bf2b1c03
3f712ce2
bf6408c7
bf6627d0
bf6dd9fc
