be836084
bea0cf1d
3f5c3e8c
3f2b7bf8
3f121e02
bd13f1d8
bf04358c
bf587be9
bf7f5044
3f7f5763